// Vitest Snapshot v1, https://vitest.dev/guide/snapshot.html

exports[`IPC channel contract > locks the full channel map (a rename here is a breaking protocol change) 1`] = `
{
  "APP_GET_PLATFORM": "app:get-platform",
  "APP_READY": "app:ready",
  "APP_UI_VERSION": "app:ui-version",
  "AUTH_GET_ACCESS_TOKEN": "auth:get-access-token",
  "AUTH_LOGOUT": "auth:logout",
  "BROWSER_ACTIVATE_TAB": "browser:activate-tab",
  "BROWSER_APPS_ADD": "browser:apps-add",
  "BROWSER_APPS_LIST": "browser:apps-list",
  "BROWSER_APPS_REMOVE": "browser:apps-remove",
  "BROWSER_CLOSE_TAB": "browser:close-tab",
  "BROWSER_GET_STATE": "browser:get-state",
  "BROWSER_GO_BACK": "browser:go-back",
  "BROWSER_GO_FORWARD": "browser:go-forward",
  "BROWSER_IMPORT_CHROME": "browser:import-chrome",
  "BROWSER_NAVIGATE": "browser:navigate",
  "BROWSER_NEW_TAB": "browser:new-tab",
  "BROWSER_OPEN_APP": "browser:open-app",
  "BROWSER_OPEN_DEVTOOLS": "browser:open-devtools",
  "BROWSER_PIN_TAB": "browser:pin-tab",
  "BROWSER_RELOAD": "browser:reload",
  "BROWSER_SET_BOUNDS": "browser:set-bounds",
  "BROWSER_SET_VISIBLE": "browser:set-visible",
  "BROWSER_STATE_CHANGED": "browser:state-changed",
  "BROWSER_STOP": "browser:stop",
  "BROWSER_TOP_SITES": "browser:top-sites",
  "INSTALL_CANCEL": "install:cancel",
  "INSTALL_CANCELLED": "install:cancelled",
  "INSTALL_CHECK": "install:check",
  "INSTALL_DONE": "install:done",
  "INSTALL_ERROR": "install:error",
  "INSTALL_LOG": "install:log",
  "INSTALL_PROGRESS": "install:progress",
  "INSTALL_START": "install:start",
  "KEYCHAIN_PREF_GET": "keychain:get",
  "KEYCHAIN_PREF_SET": "keychain:set",
  "KEYCHAIN_REVOKE": "keychain:revoke",
  "MINDSHUB_AUTH_CHANGED": "mindshub:auth-changed",
  "MINDSHUB_FINALIZE": "mindshub:finalize",
  "MINDSHUB_GET_CACHED_TOKEN": "mindshub:get-cached-token",
  "MINDSHUB_LOGIN": "mindshub:login",
  "MINDSHUB_REFRESH": "mindshub:refresh",
  "OAUTH_CANCEL": "oauth:cancel",
  "OAUTH_CANCEL_PICKER": "oauth:cancel-picker",
  "OAUTH_CONNECT": "oauth:connect",
  "OAUTH_PICK_DRIVE_FILES": "oauth:pick-drive-files",
  "OAUTH_REFRESH_ERROR": "oauth:refresh-error",
  "OPEN_EXTERNAL": "app:open-external",
  "SERVER_RESTART": "server:restart",
  "SERVER_UPDATE_STATUS": "server:update-status",
  "SETTINGS_CHECK_CONFIGURED": "settings:check-configured",
  "SETTINGS_READ": "settings:read",
  "SETTINGS_SAVE": "settings:save",
  "SETTINGS_VALIDATE": "settings:validate",
  "SHOW_ITEM_IN_FOLDER": "shell:show-item-in-folder",
  "TERMS_ACCEPT": "terms:accept",
  "UI_UPDATE_APPLY": "ui:update-apply",
  "UI_UPDATE_CHECK": "ui:update-check",
  "UI_UPDATE_STATUS": "ui:update-status",
}
`;
